{"comment_count":"42","href":"http://example.com/10-reasons","rank":"1.","score":"23 points","title":"10 Reasons why your startup is worse than mine","user":"MrRobot23"}
{"comment_count":"5","href":"https://www.example.com/cutting-onions","rank":"2.","score":"99 points","title":"The lost art of cutting onions: How an outcast revolutionized food supply","user":"SillyValley"}
{"comment_count":"144","href":"https://www.example.com/cppcompjs","rank":"3.","score":"235 points","title":"cppcompjs: A non-blocking (web-scale) C++ compiler for node.js","user":"malicealice"}
