{"div":"anchor1 first","link":["child1 first","child4","child7","child10","child13"]}
{"div":"anchor2","link":["child1 first","child4","child7","child10","child13"]}
{"div":"anchor3","link":["child1 first","child4","child7","child10","child13"]}
{"div":"anchor4","link":["child1 first","child4","child7","child10","child13"]}
{"div":"anchor5","link":["child1 first","child4","child7","child10","child13"]}
{"div":"anchor6","link":["child1 first","child4","child7","child10","child13"]}
{"div":"anchor7 last","link":["child1 first","child4","child7","child10","child13"]}
