{"div_class":"div","li1_class":"li","li2_class":"li","ul_class":"ul"}
{"div_class":"div","li1_class":"li","li2_class":"li","ul_class":"ul"}
{"div_class":"div","li1_class":"li","li2_class":"li","ul_class":"ul"}
{"div_class":"div","li1_class":"li","li2_class":"li","ul_class":"ul"}
{"div_class":"div","li1_class":"li","li2_class":"li","ul_class":"ul"}
{"div_class":"div","li1_class":"li","li2_class":"li","ul_class":"ul"}
{"div_class":"div","li1_class":"li","li2_class":"li","ul_class":"ul"}
